======================================
structk: Full Analysis Suite
======================================
Started: Thu Jul 23 15:35:46 PDT 2026

Repo:    /expanse/lustre/projects/csd940/zalibhai/clustering-variation
Inputs:  /expanse/lustre/projects/csd940/zalibhai/clustering-variation/structure_analysis/inputs/diversitydata.str
Output:  /expanse/lustre/projects/csd940/zalibhai/clustering-variation/structure_analysis/output
Results: /expanse/lustre/projects/csd940/zalibhai/clustering-variation/structure_analysis/results

=== AMOVA (999 permutations) ===
  AMOVA permutation 100/999
  AMOVA permutation 200/999
  AMOVA permutation 300/999
  AMOVA permutation 400/999
  AMOVA permutation 500/999
  AMOVA permutation 600/999
  AMOVA permutation 700/999
  AMOVA permutation 800/999
  AMOVA permutation 900/999

Hierarchical AMOVA — Variance Partitioning
=================================================================
Source of variation                   Variance % of total
-----------------------------------------------------------------
Among groups (regions)                  0.0279       3.6%
Among pops within groups                0.0316       4.1%
Within populations                      0.7116      92.3%
-----------------------------------------------------------------
Total                                   0.7710     100.0%

F-statistics:
  Fct (among groups)              = 0.0362  (p = 0.0010 **)
  Fsc (among pops within groups)  = 0.0425  (p = 0.0010 **)
  Fst (among pops / total)        = 0.0771  (p = 0.0010 **)

Loci used: 377  |  Permutations: 999

AMOVA plot saved to: /expanse/lustre/projects/csd940/zalibhai/clustering-variation/structure_analysis/results/amova_plot.png

=== Heterozygosity ===
Loaded 1056 individuals, 377 loci
  BantuKenya            Het=0.7825  Dist=1348 km
  Yoruba                Het=0.7801  Dist=3712 km
  Mandenka              Het=0.7759  Dist=5551 km
  BiakaPygmy            Het=0.7745  Dist=2465 km
  MbutiPygmy            Het=0.7704  Dist=1399 km
  Makrani               Het=0.7628  Dist=5729 km
  San                   Het=0.7624  Dist=3915 km
  Mozabite              Het=0.7623  Dist=4481 km
  Sindhi                Het=0.7591  Dist=6226 km
  Palestinian           Het=0.7576  Dist=2587 km
  Balochi               Het=0.7575  Dist=5866 km
  Bedouin               Het=0.7573  Dist=2477 km
  Pathan                Het=0.7564  Dist=6203 km
  Adygei                Het=0.7547  Dist=4684 km
  Brahui                Het=0.7543  Dist=5866 km
  Tuscan                Het=0.7541  Dist=5143 km
  Russian               Het=0.7536  Dist=6091 km
  Uygur                 Het=0.7533  Dist=7096 km
  French                Het=0.7531  Dist=5882 km
  Hazara                Het=0.7521  Dist=6157 km
  Burusho               Het=0.7505  Dist=6500 km
  Italian               Het=0.7500  Dist=5273 km
  Sardinian             Het=0.7488  Dist=5330 km
  Druze                 Het=0.7484  Dist=2587 km
  Orcadian              Het=0.7470  Dist=6661 km
  Basque                Het=0.7462  Dist=6037 km
  Xibo                  Het=0.7348  Dist=7135 km
  Cambodian             Het=0.7324  Dist=10285 km
  Yi                    Het=0.7320  Dist=9353 km
  Daur                  Het=0.7308  Dist=10237 km
  Mongola               Het=0.7303  Dist=9894 km
  Han-NChina            Het=0.7298  Dist=9524 km
  Tu                    Het=0.7279  Dist=8892 km
  Yakut                 Het=0.7255  Dist=9943 km
  Han                   Het=0.7241  Dist=10156 km
  Oroqen                Het=0.7234  Dist=10319 km
  Dai                   Het=0.7218  Dist=9368 km
  Japanese              Het=0.7212  Dist=11890 km
  Kalash                Het=0.7211  Dist=6278 km
  Hezhen                Het=0.7180  Dist=10921 km
  Tujia                 Het=0.7178  Dist=9857 km
  Miao                  Het=0.7169  Dist=9900 km
  Naxi                  Het=0.7134  Dist=9156 km
  She                   Het=0.7086  Dist=10842 km
  Lahu                  Het=0.6992  Dist=9324 km
  Papuan                Het=0.6982  Dist=15201 km
  Maya                  Het=0.6892  Dist=19850 km
  Melanesian            Het=0.6683  Dist=16193 km
  Pima                  Het=0.6165  Dist=18040 km
  Colombian             Het=0.6154  Dist=22687 km
  Karitiana             Het=0.5710  Dist=24202 km
  Surui                 Het=0.5008  Dist=24354 km
Heterozygosity plot saved to: /expanse/lustre/projects/csd940/zalibhai/clustering-variation/structure_analysis/results/heterozygosity_plot.png

=== IBD + Mantel ===
Loaded 1056 individuals, 377 loci
Computing pairwise Fst (Weir & Cockerham)...
  Fst: 100/1326 pairs computed
  Fst: 200/1326 pairs computed
  Fst: 300/1326 pairs computed
  Fst: 400/1326 pairs computed
  Fst: 500/1326 pairs computed
  Fst: 600/1326 pairs computed
  Fst: 700/1326 pairs computed
  Fst: 800/1326 pairs computed
  Fst: 900/1326 pairs computed
  Fst: 1000/1326 pairs computed
  Fst: 1100/1326 pairs computed
  Fst: 1200/1326 pairs computed
  Fst: 1300/1326 pairs computed
  Fst: 1326/1326 pairs computed
Mean Fst = 0.0545
Running Mantel test (9999 permutations)...
Mantel r = 0.7456, p = 0.0001
IBD plot saved to: /expanse/lustre/projects/csd940/zalibhai/clustering-variation/structure_analysis/results/ibd_plot.png

=== Bar Plots (CLUMPP-aligned) ===
K=4: CLUMPP-aligned 5 replicates (reference k4_r2_f)
K=5: CLUMPP-aligned 5 replicates (reference k5_r2_f)
K=7: CLUMPP-aligned 5 replicates (reference k7_r1_f)
Bar plot saved to: /expanse/lustre/projects/csd940/zalibhai/clustering-variation/structure_analysis/results/barplot.png

=== Combined Figure ===
Loading data...
Plotting bar plots...
Running PCoA (proportion of shared alleles)...
Computing proportion-of-shared-alleles distance matrix...
  PSA distance: 50/377 loci
  PSA distance: 100/377 loci
  PSA distance: 150/377 loci
  PSA distance: 200/377 loci
  PSA distance: 250/377 loci
  PSA distance: 300/377 loci
  PSA distance: 350/377 loci
  PSA distance: 377/377 loci
Running classical PCoA...
Computing pairwise Fst...
  Fst: 100/1326 pairs computed
  Fst: 200/1326 pairs computed
  Fst: 300/1326 pairs computed
  Fst: 400/1326 pairs computed
  Fst: 500/1326 pairs computed
  Fst: 600/1326 pairs computed
  Fst: 700/1326 pairs computed
  Fst: 800/1326 pairs computed
  Fst: 900/1326 pairs computed
  Fst: 1000/1326 pairs computed
  Fst: 1100/1326 pairs computed
  Fst: 1200/1326 pairs computed
  Fst: 1300/1326 pairs computed
  Fst: 1326/1326 pairs computed
Computing heterozygosity vs distance...
Computing AMOVA...
  AMOVA permutation 100/999
  AMOVA permutation 200/999
  AMOVA permutation 300/999
  AMOVA permutation 400/999
  AMOVA permutation 500/999
  AMOVA permutation 600/999
  AMOVA permutation 700/999
  AMOVA permutation 800/999
  AMOVA permutation 900/999
Combined figure saved to: /expanse/lustre/projects/csd940/zalibhai/clustering-variation/structure_analysis/results/combined_figure.png

Finished: Thu Jul 23 17:19:41 PDT 2026
