Loading data...
Plotting bar plots...
Loading PCA results...
Loading genotype data for Fst/Het/AMOVA...
Computing pairwise Fst...
  Fst: 100/1431 pairs computed
  Fst: 200/1431 pairs computed
  Fst: 300/1431 pairs computed
  Fst: 400/1431 pairs computed
  Fst: 500/1431 pairs computed
  Fst: 600/1431 pairs computed
  Fst: 700/1431 pairs computed
  Fst: 800/1431 pairs computed
  Fst: 900/1431 pairs computed
  Fst: 1000/1431 pairs computed
  Fst: 1100/1431 pairs computed
  Fst: 1200/1431 pairs computed
  Fst: 1300/1431 pairs computed
  Fst: 1400/1431 pairs computed
  Fst: 1431/1431 pairs computed
Computing heterozygosity vs distance...
Computing AMOVA...
  AMOVA permutation 100/999
  AMOVA permutation 200/999
  AMOVA permutation 300/999
