Loaded 1056 individuals, 377 loci
Computing pairwise Fst (Weir & Cockerham)...
  Fst: 100/1326 pairs computed
  Fst: 200/1326 pairs computed
  Fst: 300/1326 pairs computed
  Fst: 400/1326 pairs computed
  Fst: 500/1326 pairs computed
  Fst: 600/1326 pairs computed
  Fst: 700/1326 pairs computed
  Fst: 800/1326 pairs computed
  Fst: 900/1326 pairs computed
  Fst: 1000/1326 pairs computed
  Fst: 1100/1326 pairs computed
  Fst: 1200/1326 pairs computed
  Fst: 1300/1326 pairs computed
  Fst: 1326/1326 pairs computed
Mean Fst = 0.0545
Running Mantel test (9999 permutations)...
Mantel r = 0.7456, p = 0.0001
IBD plot saved to: /expanse/lustre/projects/csd940/zalibhai/clustering-variation/structure_analysis/results/ibd_plot.png
